Release 14.7 - xst P.20131013 (nt64)
Copyright (c) 1995-2013 Xilinx, Inc.  All rights reserved.
--> Parameter TMPDIR set to xst/projnav.tmp


Total REAL time to Xst completion: 0.00 secs
Total CPU time to Xst completion: 0.14 secs
 
--> Parameter xsthdpdir set to xst


Total REAL time to Xst completion: 0.00 secs
Total CPU time to Xst completion: 0.15 secs
 
--> Reading design: vga_display.prj

TABLE OF CONTENTS
  1) Synthesis Options Summary
  2) HDL Parsing
  3) HDL Elaboration
  4) HDL Synthesis
       4.1) HDL Synthesis Report
  5) Advanced HDL Synthesis
       5.1) Advanced HDL Synthesis Report
  6) Low Level Synthesis
  7) Partition Report
  8) Design Summary
       8.1) Primitive and Black Box Usage
       8.2) Device utilization summary
       8.3) Partition Resource Summary
       8.4) Timing Report
            8.4.1) Clock Information
            8.4.2) Asynchronous Control Signals Information
            8.4.3) Timing Summary
            8.4.4) Timing Details
            8.4.5) Cross Clock Domains Report


=========================================================================
*                      Synthesis Options Summary                        *
=========================================================================
---- Source Parameters
Input File Name                    : "vga_display.prj"
Ignore Synthesis Constraint File   : NO

---- Target Parameters
Output File Name                   : "vga_display"
Output Format                      : NGC
Target Device                      : xc6slx16-3-csg324

---- Source Options
Top Module Name                    : vga_display
Automatic FSM Extraction           : YES
FSM Encoding Algorithm             : Auto
Safe Implementation                : No
FSM Style                          : LUT
RAM Extraction                     : Yes
RAM Style                          : Auto
ROM Extraction                     : Yes
Shift Register Extraction          : YES
ROM Style                          : Auto
Resource Sharing                   : YES
Asynchronous To Synchronous        : NO
Shift Register Minimum Size        : 2
Use DSP Block                      : Auto
Automatic Register Balancing       : No

---- Target Options
LUT Combining                      : Auto
Reduce Control Sets                : Auto
Add IO Buffers                     : YES
Global Maximum Fanout              : 100000
Add Generic Clock Buffer(BUFG)     : 16
Register Duplication               : YES
Optimize Instantiated Primitives   : NO
Use Clock Enable                   : Auto
Use Synchronous Set                : Auto
Use Synchronous Reset              : Auto
Pack IO Registers into IOBs        : Auto
Equivalent register Removal        : YES

---- General Options
Optimization Goal                  : Speed
Optimization Effort                : 1
Power Reduction                    : NO
Keep Hierarchy                     : No
Netlist Hierarchy                  : As_Optimized
RTL Output                         : Yes
Global Optimization                : AllClockNets
Read Cores                         : YES
Write Timing Constraints           : NO
Cross Clock Analysis               : NO
Hierarchy Separator                : /
Bus Delimiter                      : <>
Case Specifier                     : Maintain
Slice Utilization Ratio            : 100
BRAM Utilization Ratio             : 100
DSP48 Utilization Ratio            : 100
Auto BRAM Packing                  : NO
Slice Utilization Ratio Delta      : 5

---- Other Options
Cores Search Directories           : {"ipcore_dir"  }

=========================================================================


=========================================================================
*                          HDL Parsing                                  *
=========================================================================
Analyzing Verilog file "D:\Dropbox\2nd Year USC\EE 354\Final_Project\project\des\DES\decrypt_dumb.v" into library work
Parsing module <decrypt_dumb>.
Analyzing Verilog file "D:\Dropbox\2nd Year USC\EE 354\Final_Project\project\vga\vga_controller_640_60.v" into library work
Parsing module <vga_controller_640_60>.
Analyzing Verilog file "D:\Dropbox\2nd Year USC\EE 354\Final_Project\project\vga\vga_bsprite.v" into library work
Parsing module <vga_bsprite>.
Analyzing Verilog file "D:\Dropbox\2nd Year USC\EE 354\Final_Project\project\vga\ipcore_dir\pezhman_mem.v" into library work
Parsing module <pezhman_mem>.
Analyzing Verilog file "D:\Dropbox\2nd Year USC\EE 354\Final_Project\project\vga\ipcore_dir\decryption_mem.v" into library work
Parsing module <decryption_mem>.
Analyzing Verilog file "D:\Dropbox\2nd Year USC\EE 354\Final_Project\project\vga\decrypter.v" into library work
Parsing module <decrypter>.
Analyzing Verilog file "D:\Dropbox\2nd Year USC\EE 354\Final_Project\project\vga\vga_display.v" into library work
Parsing module <vga_display>.

=========================================================================
*                            HDL Elaboration                            *
=========================================================================

Elaborating module <vga_display>.
WARNING:HDLCompiler:413 - "D:\Dropbox\2nd Year USC\EE 354\Final_Project\project\vga\vga_display.v" Line 101: Result of 32-bit expression is truncated to fit in 31-bit target.
WARNING:HDLCompiler:413 - "D:\Dropbox\2nd Year USC\EE 354\Final_Project\project\vga\vga_display.v" Line 121: Result of 32-bit expression is truncated to fit in 15-bit target.
WARNING:HDLCompiler:413 - "D:\Dropbox\2nd Year USC\EE 354\Final_Project\project\vga\vga_display.v" Line 125: Result of 16-bit expression is truncated to fit in 15-bit target.

Elaborating module <vga_controller_640_60>.

Elaborating module <vga_bsprite>.
WARNING:HDLCompiler:1127 - "D:\Dropbox\2nd Year USC\EE 354\Final_Project\project\vga\vga_display.v" Line 157: Assignment to inside_image ignored, since the identifier is never used

Elaborating module <pezhman_mem>.
WARNING:HDLCompiler:1499 - "D:\Dropbox\2nd Year USC\EE 354\Final_Project\project\vga\ipcore_dir\pezhman_mem.v" Line 39: Empty module <pezhman_mem> remains a black box.

Elaborating module <decrypter>.

Elaborating module <decrypt_dumb>.
WARNING:HDLCompiler:872 - "D:\Dropbox\2nd Year USC\EE 354\Final_Project\project\des\DES\decrypt_dumb.v" Line 34: Using initial value of rand since it is never assigned
WARNING:HDLCompiler:413 - "D:\Dropbox\2nd Year USC\EE 354\Final_Project\project\vga\decrypter.v" Line 106: Result of 4-bit expression is truncated to fit in 3-bit target.
WARNING:HDLCompiler:413 - "D:\Dropbox\2nd Year USC\EE 354\Final_Project\project\vga\decrypter.v" Line 107: Result of 16-bit expression is truncated to fit in 15-bit target.
WARNING:HDLCompiler:413 - "D:\Dropbox\2nd Year USC\EE 354\Final_Project\project\vga\decrypter.v" Line 117: Result of 4-bit expression is truncated to fit in 3-bit target.
WARNING:HDLCompiler:413 - "D:\Dropbox\2nd Year USC\EE 354\Final_Project\project\vga\decrypter.v" Line 118: Result of 16-bit expression is truncated to fit in 15-bit target.

Elaborating module <decryption_mem>.
WARNING:HDLCompiler:1499 - "D:\Dropbox\2nd Year USC\EE 354\Final_Project\project\vga\ipcore_dir\decryption_mem.v" Line 39: Empty module <decryption_mem> remains a black box.

=========================================================================
*                           HDL Synthesis                               *
=========================================================================

Synthesizing Unit <vga_display>.
    Related source file is "D:\Dropbox\2nd Year USC\EE 354\Final_Project\project\vga\vga_display.v".
        N = 2
        dec_N = 12
WARNING:Xst:647 - Input <btnU> is never used. This port will be preserved and left unconnected if it belongs to a top-level block or it belongs to a sub-block and the hierarchy of this sub-block is preserved.
WARNING:Xst:647 - Input <btnD> is never used. This port will be preserved and left unconnected if it belongs to a top-level block or it belongs to a sub-block and the hierarchy of this sub-block is preserved.
INFO:Xst:3210 - "D:\Dropbox\2nd Year USC\EE 354\Final_Project\project\vga\vga_display.v" line 148: Output port <inside_image> of the instance <sprites_mem> is unconnected or connected to loadless signal.
    Found 1-bit register for signal <clk_25Mhz>.
    Found 1-bit register for signal <clk_decrypter>.
    Found 31-bit register for signal <icount>.
    Found 15-bit register for signal <write_addr>.
    Found 8-bit register for signal <dec_mem_din>.
    Found 15-bit register for signal <reset_addr>.
    Found 8-bit register for signal <dout>.
    Found 15-bit register for signal <ben_read_addr>.
    Found 1-bit register for signal <decrypter_active>.
    Found 3-bit register for signal <R>.
    Found 3-bit register for signal <G>.
    Found 2-bit register for signal <B>.
    Found 64-bit register for signal <button_key>.
    Found 12-bit register for signal <count>.
    Found 12-bit adder for signal <count[11]_GND_1_o_add_5_OUT> created at line 81.
    Found 31-bit adder for signal <icount[30]_GND_1_o_add_8_OUT> created at line 101.
    Found 15-bit adder for signal <reset_addr[14]_GND_1_o_add_12_OUT> created at line 125.
    Found 15-bit subtractor for signal <GND_1_o_GND_1_o_sub_12_OUT<14:0>> created at line 121.
    Summary:
	inferred   4 Adder/Subtractor(s).
	inferred 179 D-type flip-flop(s).
	inferred   5 Multiplexer(s).
Unit <vga_display> synthesized.

Synthesizing Unit <vga_controller_640_60>.
    Related source file is "D:\Dropbox\2nd Year USC\EE 354\Final_Project\project\vga\vga_controller_640_60.v".
        HMAX = 800
        HLINES = 640
        HFP = 648
        HSP = 744
        VMAX = 525
        VLINES = 480
        VFP = 482
        VSP = 484
        SPP = 0
    Found 11-bit register for signal <hcounter>.
    Found 11-bit register for signal <vcounter>.
    Found 1-bit register for signal <HS>.
    Found 1-bit register for signal <VS>.
    Found 1-bit register for signal <blank>.
    Found 11-bit adder for signal <hcounter[10]_GND_2_o_add_3_OUT> created at line 65.
    Found 11-bit adder for signal <vcounter[10]_GND_2_o_add_9_OUT> created at line 73.
    Found 11-bit comparator lessequal for signal <n0012> created at line 80
    Found 11-bit comparator greater for signal <hcounter[10]_GND_2_o_LessThan_16_o> created at line 80
    Found 11-bit comparator lessequal for signal <n0018> created at line 87
    Found 11-bit comparator greater for signal <vcounter[10]_GND_2_o_LessThan_19_o> created at line 87
    Found 11-bit comparator greater for signal <hcounter[10]_GND_2_o_LessThan_20_o> created at line 92
    Found 11-bit comparator greater for signal <vcounter[10]_GND_2_o_LessThan_21_o> created at line 92
    Summary:
	inferred   2 Adder/Subtractor(s).
	inferred  25 D-type flip-flop(s).
	inferred   6 Comparator(s).
	inferred   2 Multiplexer(s).
Unit <vga_controller_640_60> synthesized.

Synthesizing Unit <vga_bsprite>.
    Related source file is "D:\Dropbox\2nd Year USC\EE 354\Final_Project\project\vga\vga_bsprite.v".
        VGA_WIDTH = 11'b01010000000
        VGA_HEIGHT = 11'b00111100000
        IMG_WIDTH = 8'b10101111
        IMG_HEIGHT = 8'b10101111
        SCALE = 4'b0001
        START_X = 11'b00011101000
        START_Y = 11'b00010011000
        END_X = 11'b00110010111
        END_Y = 11'b00101000111
WARNING:Xst:647 - Input <blank> is never used. This port will be preserved and left unconnected if it belongs to a top-level block or it belongs to a sub-block and the hierarchy of this sub-block is preserved.
    Found 11-bit subtractor for signal <div_hc[10]_GND_3_o_sub_7_OUT> created at line 56.
    Found 11-bit subtractor for signal <div_vc[10]_GND_3_o_sub_11_OUT> created at line 61.
    Found 15-bit adder for signal <rom_addr> created at line 65.
    Found 11x8-bit multiplier for signal <n0042> created at line 65.
    Found 11-bit comparator lessequal for signal <n0004> created at line 55
    Found 12-bit comparator lessequal for signal <n0006> created at line 55
    Found 11-bit comparator lessequal for signal <n0011> created at line 60
    Found 12-bit comparator lessequal for signal <n0013> created at line 60
    Summary:
	inferred   1 Multiplier(s).
	inferred   3 Adder/Subtractor(s).
	inferred   4 Comparator(s).
	inferred   5 Multiplexer(s).
Unit <vga_bsprite> synthesized.

Synthesizing Unit <decrypter>.
    Related source file is "D:\Dropbox\2nd Year USC\EE 354\Final_Project\project\vga\decrypter.v".
    Found 3-bit register for signal <write_count>.
    Found 15-bit register for signal <counter>.
    Found 15-bit register for signal <last_write_count>.
    Found 1-bit register for signal <algo_en>.
    Found 1-bit register for signal <ready_to_write>.
    Found 64-bit register for signal <message>.
    Found 1-bit register for signal <ack>.
    Found 64-bit register for signal <n0074[63:0]>.
    Found 15-bit register for signal <write_addr>.
    Found 8-bit register for signal <decrypted_data>.
    Found 15-bit register for signal <read_addr>.
    Found 1-bit register for signal <done>.
    Found 3-bit register for signal <read_count>.
    Found 3-bit subtractor for signal <PWR_7_o_write_count[2]_sub_20_OUT> created at line 113.
    Found 3-bit adder for signal <write_count[2]_GND_6_o_add_13_OUT> created at line 106.
    Found 15-bit adder for signal <last_write_count[14]_GND_6_o_add_14_OUT> created at line 107.
    Found 3-bit adder for signal <read_count[2]_GND_6_o_add_21_OUT> created at line 117.
    Found 15-bit adder for signal <counter[14]_GND_6_o_add_22_OUT> created at line 118.
    Found 8-bit 8-to-1 multiplexer for signal <PWR_7_o_dec_pixels[7][7]_wide_mux_20_OUT> created at line 113.
    Found 15-bit comparator greater for signal <PWR_7_o_counter[14]_LessThan_24_o> created at line 120
    Summary:
	inferred   5 Adder/Subtractor(s).
	inferred 206 D-type flip-flop(s).
	inferred   1 Comparator(s).
	inferred   9 Multiplexer(s).
Unit <decrypter> synthesized.

Synthesizing Unit <decrypt_dumb>.
    Related source file is "D:\Dropbox\2nd Year USC\EE 354\Final_Project\project\des\DES\decrypt_dumb.v".
    Found 3-bit register for signal <state>.
    Found 64-bit register for signal <decrypted>.
    Found finite state machine <FSM_0> for signal <state>.
    -----------------------------------------------------------------------
    | States             | 3                                              |
    | Transitions        | 5                                              |
    | Inputs             | 3                                              |
    | Outputs            | 3                                              |
    | Clock              | clk (rising_edge)                              |
    | Reset              | reset (positive)                               |
    | Reset type         | asynchronous                                   |
    | Reset State        | 001                                            |
    | Encoding           | auto                                           |
    | Implementation     | LUT                                            |
    -----------------------------------------------------------------------
    Found 120-bit shifter logical right for signal <n0084> created at line 72
    Found 120-bit shifter logical right for signal <n0089> created at line 72
    Found 120-bit shifter logical right for signal <n0094> created at line 72
    Found 120-bit shifter logical right for signal <n0099> created at line 72
    Found 120-bit shifter logical right for signal <n0104> created at line 72
    Found 120-bit shifter logical right for signal <n0109> created at line 72
    Found 120-bit shifter logical right for signal <n0114> created at line 72
    Found 120-bit shifter logical right for signal <n0119> created at line 72
    Found 2-bit comparator greater for signal <GND_7_o_DESkey[3]_LessThan_3_o> created at line 67
    Found 2-bit comparator greater for signal <GND_7_o_DESkey[1]_LessThan_5_o> created at line 68
    Found 4-bit comparator greater for signal <GND_7_o_DESkey[3]_LessThan_7_o> created at line 69
    Found 2-bit comparator greater for signal <GND_7_o_DESkey[11]_LessThan_11_o> created at line 67
    Found 2-bit comparator greater for signal <GND_7_o_DESkey[9]_LessThan_13_o> created at line 68
    Found 4-bit comparator greater for signal <GND_7_o_DESkey[11]_LessThan_15_o> created at line 69
    Found 2-bit comparator greater for signal <GND_7_o_DESkey[19]_LessThan_19_o> created at line 67
    Found 2-bit comparator greater for signal <GND_7_o_DESkey[17]_LessThan_21_o> created at line 68
    Found 4-bit comparator greater for signal <GND_7_o_DESkey[19]_LessThan_23_o> created at line 69
    Found 2-bit comparator greater for signal <GND_7_o_DESkey[27]_LessThan_27_o> created at line 67
    Found 2-bit comparator greater for signal <GND_7_o_DESkey[25]_LessThan_29_o> created at line 68
    Found 4-bit comparator greater for signal <GND_7_o_DESkey[27]_LessThan_31_o> created at line 69
    Found 2-bit comparator greater for signal <GND_7_o_DESkey[35]_LessThan_35_o> created at line 67
    Found 2-bit comparator greater for signal <GND_7_o_DESkey[33]_LessThan_37_o> created at line 68
    Found 4-bit comparator greater for signal <GND_7_o_DESkey[35]_LessThan_39_o> created at line 69
    Found 2-bit comparator greater for signal <GND_7_o_DESkey[43]_LessThan_43_o> created at line 67
    Found 2-bit comparator greater for signal <GND_7_o_DESkey[41]_LessThan_45_o> created at line 68
    Found 4-bit comparator greater for signal <GND_7_o_DESkey[43]_LessThan_47_o> created at line 69
    Found 2-bit comparator greater for signal <GND_7_o_DESkey[51]_LessThan_51_o> created at line 67
    Found 2-bit comparator greater for signal <GND_7_o_DESkey[49]_LessThan_53_o> created at line 68
    Found 4-bit comparator greater for signal <GND_7_o_DESkey[51]_LessThan_55_o> created at line 69
    Found 2-bit comparator greater for signal <GND_7_o_DESkey[59]_LessThan_59_o> created at line 67
    Found 2-bit comparator greater for signal <GND_7_o_DESkey[57]_LessThan_61_o> created at line 68
    Found 4-bit comparator greater for signal <GND_7_o_DESkey[59]_LessThan_63_o> created at line 69
    Summary:
	inferred  64 D-type flip-flop(s).
	inferred  24 Comparator(s).
	inferred   8 Combinational logic shifter(s).
	inferred   1 Finite State Machine(s).
Unit <decrypt_dumb> synthesized.

=========================================================================
HDL Synthesis Report

Macro Statistics
# Multipliers                                          : 1
 11x8-bit multiplier                                   : 1
# Adders/Subtractors                                   : 14
 11-bit adder                                          : 2
 11-bit subtractor                                     : 2
 12-bit adder                                          : 1
 15-bit adder                                          : 4
 15-bit subtractor                                     : 1
 3-bit adder                                           : 2
 3-bit subtractor                                      : 1
 31-bit adder                                          : 1
# Registers                                            : 33
 1-bit register                                        : 10
 11-bit register                                       : 2
 12-bit register                                       : 1
 15-bit register                                       : 7
 2-bit register                                        : 1
 3-bit register                                        : 4
 31-bit register                                       : 1
 64-bit register                                       : 4
 8-bit register                                        : 3
# Comparators                                          : 35
 11-bit comparator greater                             : 4
 11-bit comparator lessequal                           : 4
 12-bit comparator lessequal                           : 2
 15-bit comparator greater                             : 1
 2-bit comparator greater                              : 16
 4-bit comparator greater                              : 8
# Multiplexers                                         : 21
 11-bit 2-to-1 multiplexer                             : 4
 15-bit 2-to-1 multiplexer                             : 3
 2-bit 2-to-1 multiplexer                              : 1
 3-bit 2-to-1 multiplexer                              : 2
 8-bit 2-to-1 multiplexer                              : 10
 8-bit 8-to-1 multiplexer                              : 1
# Logic shifters                                       : 8
 120-bit shifter logical right                         : 8
# FSMs                                                 : 1
# Xors                                                 : 32
 2-bit xor2                                            : 16
 4-bit xor2                                            : 8
 8-bit xor2                                            : 8

=========================================================================

=========================================================================
*                       Advanced HDL Synthesis                          *
=========================================================================

Reading core <ipcore_dir/pezhman_mem.ngc>.
Reading core <ipcore_dir/decryption_mem.ngc>.
Loading core <pezhman_mem> for timing and area information for instance <ben>.
Loading core <decryption_mem> for timing and area information for instance <dec_mem>.
WARNING:Xst:1710 - FF/Latch <done> (without init value) has a constant value of 0 in block <dec>. This FF/Latch will be trimmed during the optimization process.

Synthesizing (advanced) Unit <decrypter>.
The following registers are absorbed into counter <write_count>: 1 register on signal <write_count>.
The following registers are absorbed into counter <counter>: 1 register on signal <counter>.
The following registers are absorbed into counter <read_count>: 1 register on signal <read_count>.
The following registers are absorbed into counter <last_write_count>: 1 register on signal <last_write_count>.
Unit <decrypter> synthesized (advanced).

Synthesizing (advanced) Unit <vga_bsprite>.
	Multiplier <Mmult_n0042> in block <vga_bsprite> and adder/subtractor <Madd_rom_addr> in block <vga_bsprite> are combined into a MAC<Maddsub_n0042>.
Unit <vga_bsprite> synthesized (advanced).

Synthesizing (advanced) Unit <vga_controller_640_60>.
The following registers are absorbed into counter <hcounter>: 1 register on signal <hcounter>.
The following registers are absorbed into counter <vcounter>: 1 register on signal <vcounter>.
Unit <vga_controller_640_60> synthesized (advanced).

Synthesizing (advanced) Unit <vga_display>.
The following registers are absorbed into counter <count>: 1 register on signal <count>.
The following registers are absorbed into counter <reset_addr>: 1 register on signal <reset_addr>.
The following registers are absorbed into counter <icount>: 1 register on signal <icount>.
Unit <vga_display> synthesized (advanced).

=========================================================================
Advanced HDL Synthesis Report

Macro Statistics
# MACs                                                 : 1
 11x8-to-15-bit MAC                                    : 1
# Adders/Subtractors                                   : 4
 11-bit subtractor                                     : 2
 15-bit subtractor                                     : 1
 3-bit subtractor                                      : 1
# Counters                                             : 9
 11-bit up counter                                     : 2
 12-bit up counter                                     : 1
 15-bit up counter                                     : 3
 3-bit up counter                                      : 2
 31-bit up counter                                     : 1
# Registers                                            : 358
 Flip-Flops                                            : 358
# Comparators                                          : 35
 11-bit comparator greater                             : 4
 11-bit comparator lessequal                           : 4
 12-bit comparator lessequal                           : 2
 15-bit comparator greater                             : 1
 2-bit comparator greater                              : 16
 4-bit comparator greater                              : 8
# Multiplexers                                         : 75
 1-bit 2-to-1 multiplexer                              : 64
 11-bit 2-to-1 multiplexer                             : 2
 15-bit 2-to-1 multiplexer                             : 3
 2-bit 2-to-1 multiplexer                              : 1
 3-bit 2-to-1 multiplexer                              : 2
 8-bit 2-to-1 multiplexer                              : 2
 8-bit 8-to-1 multiplexer                              : 1
# Logic shifters                                       : 8
 120-bit shifter logical right                         : 8
# FSMs                                                 : 1
# Xors                                                 : 32
 2-bit xor2                                            : 16
 4-bit xor2                                            : 8
 8-bit xor2                                            : 8

=========================================================================

=========================================================================
*                         Low Level Synthesis                           *
=========================================================================
WARNING:Xst:1710 - FF/Latch <done> (without init value) has a constant value of 0 in block <decrypter>. This FF/Latch will be trimmed during the optimization process.
INFO:Xst:2261 - The FF/Latch <button_key_56> in Unit <vga_display> is equivalent to the following 7 FFs/Latches, which will be removed : <button_key_57> <button_key_58> <button_key_59> <button_key_60> <button_key_61> <button_key_62> <button_key_63> 
INFO:Xst:2261 - The FF/Latch <button_key_48> in Unit <vga_display> is equivalent to the following 7 FFs/Latches, which will be removed : <button_key_49> <button_key_50> <button_key_51> <button_key_52> <button_key_53> <button_key_54> <button_key_55> 
INFO:Xst:2261 - The FF/Latch <button_key_40> in Unit <vga_display> is equivalent to the following 7 FFs/Latches, which will be removed : <button_key_41> <button_key_42> <button_key_43> <button_key_44> <button_key_45> <button_key_46> <button_key_47> 
INFO:Xst:2261 - The FF/Latch <button_key_32> in Unit <vga_display> is equivalent to the following 7 FFs/Latches, which will be removed : <button_key_33> <button_key_34> <button_key_35> <button_key_36> <button_key_37> <button_key_38> <button_key_39> 
INFO:Xst:2261 - The FF/Latch <button_key_24> in Unit <vga_display> is equivalent to the following 7 FFs/Latches, which will be removed : <button_key_25> <button_key_26> <button_key_27> <button_key_28> <button_key_29> <button_key_30> <button_key_31> 
INFO:Xst:2261 - The FF/Latch <button_key_16> in Unit <vga_display> is equivalent to the following 7 FFs/Latches, which will be removed : <button_key_17> <button_key_18> <button_key_19> <button_key_20> <button_key_21> <button_key_22> <button_key_23> 
INFO:Xst:2261 - The FF/Latch <button_key_8> in Unit <vga_display> is equivalent to the following 7 FFs/Latches, which will be removed : <button_key_9> <button_key_10> <button_key_11> <button_key_12> <button_key_13> <button_key_14> <button_key_15> 
INFO:Xst:2261 - The FF/Latch <button_key_0> in Unit <vga_display> is equivalent to the following 7 FFs/Latches, which will be removed : <button_key_1> <button_key_2> <button_key_3> <button_key_4> <button_key_5> <button_key_6> <button_key_7> 
INFO:Xst:2146 - In block <decrypter>, Counter <last_write_count> <write_count> are equivalent, XST will keep only <last_write_count>.
INFO:Xst:2146 - In block <decrypter>, Counter <counter> <read_count> are equivalent, XST will keep only <counter>.
Analyzing FSM <MFsm> for best encoding.
Optimizing FSM <dec/uut/FSM_0> on signal <state[1:2]> with sequential encoding.
-------------------
 State | Encoding
-------------------
 001   | 00
 010   | 01
 100   | 10
-------------------
WARNING:Xst:2677 - Node <icount_27> of sequential type is unconnected in block <vga_display>.
WARNING:Xst:2677 - Node <icount_28> of sequential type is unconnected in block <vga_display>.
WARNING:Xst:2677 - Node <icount_29> of sequential type is unconnected in block <vga_display>.
WARNING:Xst:2677 - Node <icount_30> of sequential type is unconnected in block <vga_display>.

Optimizing unit <vga_display> ...

Optimizing unit <vga_controller_640_60> ...

Optimizing unit <decrypter> ...

Optimizing unit <decrypt_dumb> ...

Optimizing unit <vga_bsprite> ...
WARNING:Xst:2677 - Node <button_key_0> of sequential type is unconnected in block <vga_display>.
WARNING:Xst:2677 - Node <button_key_8> of sequential type is unconnected in block <vga_display>.
WARNING:Xst:2677 - Node <button_key_16> of sequential type is unconnected in block <vga_display>.
WARNING:Xst:2677 - Node <button_key_24> of sequential type is unconnected in block <vga_display>.
WARNING:Xst:2677 - Node <button_key_32> of sequential type is unconnected in block <vga_display>.
WARNING:Xst:2677 - Node <button_key_40> of sequential type is unconnected in block <vga_display>.
WARNING:Xst:2677 - Node <button_key_48> of sequential type is unconnected in block <vga_display>.
WARNING:Xst:2677 - Node <button_key_56> of sequential type is unconnected in block <vga_display>.
WARNING:Xst:2677 - Node <vc/blank> of sequential type is unconnected in block <vga_display>.
WARNING:Xst:2677 - Node <reset_addr_0> of sequential type is unconnected in block <vga_display>.
WARNING:Xst:2677 - Node <reset_addr_1> of sequential type is unconnected in block <vga_display>.
WARNING:Xst:2677 - Node <reset_addr_2> of sequential type is unconnected in block <vga_display>.
WARNING:Xst:2677 - Node <reset_addr_3> of sequential type is unconnected in block <vga_display>.
WARNING:Xst:2677 - Node <reset_addr_4> of sequential type is unconnected in block <vga_display>.
WARNING:Xst:2677 - Node <reset_addr_5> of sequential type is unconnected in block <vga_display>.
WARNING:Xst:2677 - Node <reset_addr_6> of sequential type is unconnected in block <vga_display>.
WARNING:Xst:2677 - Node <reset_addr_7> of sequential type is unconnected in block <vga_display>.
WARNING:Xst:2677 - Node <reset_addr_8> of sequential type is unconnected in block <vga_display>.
WARNING:Xst:2677 - Node <reset_addr_9> of sequential type is unconnected in block <vga_display>.
WARNING:Xst:2677 - Node <reset_addr_10> of sequential type is unconnected in block <vga_display>.
WARNING:Xst:2677 - Node <reset_addr_11> of sequential type is unconnected in block <vga_display>.
WARNING:Xst:2677 - Node <reset_addr_12> of sequential type is unconnected in block <vga_display>.
WARNING:Xst:2677 - Node <reset_addr_13> of sequential type is unconnected in block <vga_display>.
WARNING:Xst:2677 - Node <reset_addr_14> of sequential type is unconnected in block <vga_display>.
WARNING:Xst:1293 - FF/Latch <vc/vcounter_10> has a constant value of 0 in block <vga_display>. This FF/Latch will be trimmed during the optimization process.

Mapping all equations...
Building and optimizing final netlist ...
Found area constraint ratio of 100 (+ 5) on block vga_display, actual ratio is 6.

Final Macro Processing ...

=========================================================================
Final Register Report

Macro Statistics
# Registers                                            : 384
 Flip-Flops                                            : 384

=========================================================================

=========================================================================
*                           Partition Report                            *
=========================================================================

Partition Implementation Status
-------------------------------

  No Partitions were found in this design.

-------------------------------

=========================================================================
*                            Design Summary                             *
=========================================================================

Top Level Output File Name         : vga_display.ngc

Primitive and Black Box Usage:
------------------------------
# BELS                             : 486
#      GND                         : 3
#      INV                         : 32
#      LUT1                        : 65
#      LUT2                        : 17
#      LUT3                        : 71
#      LUT4                        : 6
#      LUT5                        : 67
#      LUT6                        : 40
#      MUXCY                       : 84
#      MUXF7                       : 8
#      VCC                         : 3
#      XORCY                       : 90
# FlipFlops/Latches                : 402
#      FD                          : 82
#      FDC                         : 21
#      FDCE                        : 10
#      FDE                         : 242
#      FDR                         : 8
#      FDRE                        : 39
# RAMS                             : 32
#      RAMB16BWER                  : 32
# Shift Registers                  : 2
#      SRLC16E                     : 2
# Clock Buffers                    : 3
#      BUFG                        : 2
#      BUFGP                       : 1
# IO Buffers                       : 28
#      IBUF                        : 1
#      OBUF                        : 27
# DSPs                             : 1
#      DSP48A1                     : 1

Device utilization summary:
---------------------------

Selected Device : 6slx16csg324-3 


Slice Logic Utilization: 
 Number of Slice Registers:             402  out of  18224     2%  
 Number of Slice LUTs:                  300  out of   9112     3%  
    Number used as Logic:               298  out of   9112     3%  
    Number used as Memory:                2  out of   2176     0%  
       Number used as SRL:                2

Slice Logic Distribution: 
 Number of LUT Flip Flop pairs used:    467
   Number with an unused Flip Flop:      65  out of    467    13%  
   Number with an unused LUT:           167  out of    467    35%  
   Number of fully used LUT-FF pairs:   235  out of    467    50%  
   Number of unique control sets:        18

IO Utilization: 
 Number of IOs:                          39
 Number of bonded IOBs:                  29  out of    232    12%  

Specific Feature Utilization:
 Number of Block RAM/FIFO:               32  out of     32   100%  
    Number using Block RAM only:         32
 Number of BUFG/BUFGCTRLs:                3  out of     16    18%  
 Number of DSP48A1s:                      1  out of     32     3%  

---------------------------
Partition Resource Summary:
---------------------------

  No Partitions were found in this design.

---------------------------


=========================================================================
Timing Report

NOTE: THESE TIMING NUMBERS ARE ONLY A SYNTHESIS ESTIMATE.
      FOR ACCURATE TIMING INFORMATION PLEASE REFER TO THE TRACE REPORT
      GENERATED AFTER PLACE-and-ROUTE.

Clock Information:
------------------
-----------------------------------+-------------------------------------------------------------------------------------------------------------------------------+-------+
Clock Signal                       | Clock buffer(FF name)                                                                                                         | Load  |
-----------------------------------+-------------------------------------------------------------------------------------------------------------------------------+-------+
ClkPort                            | BUFGP                                                                                                                         | 14    |
clk_25Mhz                          | BUFG                                                                                                                          | 157   |
clk_decrypter                      | BUFG                                                                                                                          | 265   |
ben/N1                             | NONE(ben/U0/xst_blk_mem_generator/gnativebmg.native_blk_mem_gen/valid.cstr/ramloop[15].ram.r/s6_init.ram/SP.SIMPLE_PRIM18.ram)| 16    |
-----------------------------------+-------------------------------------------------------------------------------------------------------------------------------+-------+
INFO:Xst:2169 - HDL ADVISOR - Some clock signals were not automatically buffered by XST with BUFG/BUFR resources. Please use the buffer_type constraint in order to insert these buffers to the clock signals to help prevent skew problems.

Asynchronous Control Signals Information:
----------------------------------------
No asynchronous control signals found in this design

Timing Summary:
---------------
Speed Grade: -3

   Minimum period: 9.842ns (Maximum Frequency: 101.608MHz)
   Minimum input arrival time before clock: 5.256ns
   Maximum output required time after clock: 3.597ns
   Maximum combinational path delay: No path found

Timing Details:
---------------
All values displayed in nanoseconds (ns)

=========================================================================
Timing constraint: Default period analysis for Clock 'ClkPort'
  Clock period: 1.894ns (frequency: 527.913MHz)
  Total number of paths / destination ports: 80 / 14
-------------------------------------------------------------------------
Delay:               1.894ns (Levels of Logic = 12)
  Source:            count_1 (FF)
  Destination:       count_11 (FF)
  Source Clock:      ClkPort rising
  Destination Clock: ClkPort rising

  Data Path: count_1 to count_11
                                Gate     Net
    Cell:in->out      fanout   Delay   Delay  Logical Name (Net Name)
    ----------------------------------------  ------------
     FD:C->Q               2   0.447   0.617  count_1 (count_1)
     LUT1:I0->O            1   0.205   0.000  Mcount_count_cy<1>_rt (Mcount_count_cy<1>_rt)
     MUXCY:S->O            1   0.172   0.000  Mcount_count_cy<1> (Mcount_count_cy<1>)
     MUXCY:CI->O           1   0.019   0.000  Mcount_count_cy<2> (Mcount_count_cy<2>)
     MUXCY:CI->O           1   0.019   0.000  Mcount_count_cy<3> (Mcount_count_cy<3>)
     MUXCY:CI->O           1   0.019   0.000  Mcount_count_cy<4> (Mcount_count_cy<4>)
     MUXCY:CI->O           1   0.019   0.000  Mcount_count_cy<5> (Mcount_count_cy<5>)
     MUXCY:CI->O           1   0.019   0.000  Mcount_count_cy<6> (Mcount_count_cy<6>)
     MUXCY:CI->O           1   0.019   0.000  Mcount_count_cy<7> (Mcount_count_cy<7>)
     MUXCY:CI->O           1   0.019   0.000  Mcount_count_cy<8> (Mcount_count_cy<8>)
     MUXCY:CI->O           1   0.019   0.000  Mcount_count_cy<9> (Mcount_count_cy<9>)
     MUXCY:CI->O           0   0.019   0.000  Mcount_count_cy<10> (Mcount_count_cy<10>)
     XORCY:CI->O           1   0.180   0.000  Mcount_count_xor<11> (Result<11>1)
     FD:D                      0.102          count_11
    ----------------------------------------
    Total                      1.894ns (1.277ns logic, 0.617ns route)
                                       (67.4% logic, 32.6% route)

=========================================================================
Timing constraint: Default period analysis for Clock 'clk_25Mhz'
  Clock period: 9.842ns (frequency: 101.608MHz)
  Total number of paths / destination ports: 35998 / 848
-------------------------------------------------------------------------
Delay:               9.842ns (Levels of Logic = 5)
  Source:            vc/vcounter_8 (FF)
  Destination:       dec_mem/U0/xst_blk_mem_generator/gnativebmg.native_blk_mem_gen/valid.cstr/ramloop[0].ram.r/s6_init.ram/SDP.SIMPLE_PRIM18.ram (RAM)
  Source Clock:      clk_25Mhz rising
  Destination Clock: clk_25Mhz rising

  Data Path: vc/vcounter_8 to dec_mem/U0/xst_blk_mem_generator/gnativebmg.native_blk_mem_gen/valid.cstr/ramloop[0].ram.r/s6_init.ram/SDP.SIMPLE_PRIM18.ram
                                Gate     Net
    Cell:in->out      fanout   Delay   Delay  Logical Name (Net Name)
    ----------------------------------------  ------------
     FDCE:C->Q            12   0.447   1.253  vc/vcounter_8 (vc/vcounter_8)
     LUT6:I1->O            3   0.203   0.651  sprites_mem/Mmux_y131 (sprites_mem/Mmux_y131)
     LUT3:I2->O            1   0.205   0.579  sprites_mem/Mmux_y11 (sprites_mem/y<0>)
     DSP48A1:B0->P14      11   4.394   0.882  sprites_mem/Maddsub_n0042 (sprite_read_addr<14>)
     begin scope: 'dec_mem:addrb<14>'
     INV:I->O              8   0.206   0.802  U0/xst_blk_mem_generator/gnativebmg.native_blk_mem_gen/valid.cstr/out21_INV_0 (U0/xst_blk_mem_generator/gnativebmg.native_blk_mem_gen/valid.cstr/ramloop[0].ram.ram_enb)
     RAMB16BWER:ENB            0.220          U0/xst_blk_mem_generator/gnativebmg.native_blk_mem_gen/valid.cstr/ramloop[0].ram.r/s6_init.ram/SDP.SIMPLE_PRIM18.ram
    ----------------------------------------
    Total                      9.842ns (5.675ns logic, 4.167ns route)
                                       (57.7% logic, 42.3% route)

=========================================================================
Timing constraint: Default period analysis for Clock 'clk_decrypter'
  Clock period: 3.328ns (frequency: 300.450MHz)
  Total number of paths / destination ports: 931 / 423
-------------------------------------------------------------------------
Delay:               3.328ns (Levels of Logic = 1)
  Source:            dec/uut/state_FSM_FFd1 (FF)
  Destination:       dec/dec_pixels_0_63 (FF)
  Source Clock:      clk_decrypter rising
  Destination Clock: clk_decrypter rising

  Data Path: dec/uut/state_FSM_FFd1 to dec/dec_pixels_0_63
                                Gate     Net
    Cell:in->out      fanout   Delay   Delay  Logical Name (Net Name)
    ----------------------------------------  ------------
     FDC:C->Q              5   0.447   0.715  dec/uut/state_FSM_FFd1 (dec/uut/state_FSM_FFd1)
     LUT3:I2->O           64   0.205   1.639  dec/_n0143_inv1 (dec/_n0143_inv)
     FDE:CE                    0.322          dec/dec_pixels_0_0
    ----------------------------------------
    Total                      3.328ns (0.974ns logic, 2.354ns route)
                                       (29.3% logic, 70.7% route)

=========================================================================
Timing constraint: Default OFFSET IN BEFORE for Clock 'clk_25Mhz'
  Total number of paths / destination ports: 21 / 21
-------------------------------------------------------------------------
Offset:              3.258ns (Levels of Logic = 1)
  Source:            rst (PAD)
  Destination:       vc/vcounter_9 (FF)
  Destination Clock: clk_25Mhz rising

  Data Path: rst to vc/vcounter_9
                                Gate     Net
    Cell:in->out      fanout   Delay   Delay  Logical Name (Net Name)
    ----------------------------------------  ------------
     IBUF:I->O            59   1.222   1.606  rst_IBUF (rst_IBUF)
     FDC:CLR                   0.430          vc/hcounter_0
    ----------------------------------------
    Total                      3.258ns (1.652ns logic, 1.606ns route)
                                       (50.7% logic, 49.3% route)

=========================================================================
Timing constraint: Default OFFSET IN BEFORE for Clock 'clk_decrypter'
  Total number of paths / destination ports: 265 / 265
-------------------------------------------------------------------------
Offset:              5.256ns (Levels of Logic = 2)
  Source:            rst (PAD)
  Destination:       dec/decrypted_data_7 (FF)
  Destination Clock: clk_decrypter rising

  Data Path: rst to dec/decrypted_data_7
                                Gate     Net
    Cell:in->out      fanout   Delay   Delay  Logical Name (Net Name)
    ----------------------------------------  ------------
     IBUF:I->O            59   1.222   1.711  rst_IBUF (rst_IBUF)
     LUT2:I0->O           88   0.203   1.798  dec/_n0132_inv1 (dec/_n0132_inv)
     FDE:CE                    0.322          dec/ack
    ----------------------------------------
    Total                      5.256ns (1.747ns logic, 3.509ns route)
                                       (33.2% logic, 66.8% route)

=========================================================================
Timing constraint: Default OFFSET OUT AFTER for Clock 'clk_25Mhz'
  Total number of paths / destination ports: 10 / 10
-------------------------------------------------------------------------
Offset:              3.597ns (Levels of Logic = 1)
  Source:            R_2 (FF)
  Destination:       R<2> (PAD)
  Source Clock:      clk_25Mhz rising

  Data Path: R_2 to R<2>
                                Gate     Net
    Cell:in->out      fanout   Delay   Delay  Logical Name (Net Name)
    ----------------------------------------  ------------
     FDR:C->Q              1   0.447   0.579  R_2 (R_2)
     OBUF:I->O                 2.571          R_2_OBUF (R<2>)
    ----------------------------------------
    Total                      3.597ns (3.018ns logic, 0.579ns route)
                                       (83.9% logic, 16.1% route)

=========================================================================

Cross Clock Domains Report:
--------------------------

Clock to Setup on destination clock ClkPort
---------------+---------+---------+---------+---------+
               | Src:Rise| Src:Fall| Src:Rise| Src:Fall|
Source Clock   |Dest:Rise|Dest:Rise|Dest:Fall|Dest:Fall|
---------------+---------+---------+---------+---------+
ClkPort        |    1.894|         |         |         |
---------------+---------+---------+---------+---------+

Clock to Setup on destination clock clk_25Mhz
---------------+---------+---------+---------+---------+
               | Src:Rise| Src:Fall| Src:Rise| Src:Fall|
Source Clock   |Dest:Rise|Dest:Rise|Dest:Fall|Dest:Fall|
---------------+---------+---------+---------+---------+
clk_25Mhz      |    9.842|         |         |         |
clk_decrypter  |    1.562|         |         |         |
---------------+---------+---------+---------+---------+

Clock to Setup on destination clock clk_decrypter
---------------+---------+---------+---------+---------+
               | Src:Rise| Src:Fall| Src:Rise| Src:Fall|
Source Clock   |Dest:Rise|Dest:Rise|Dest:Fall|Dest:Fall|
---------------+---------+---------+---------+---------+
clk_25Mhz      |    3.885|         |         |         |
clk_decrypter  |    3.328|         |         |         |
---------------+---------+---------+---------+---------+

=========================================================================


Total REAL time to Xst completion: 18.00 secs
Total CPU time to Xst completion: 17.99 secs
 
--> 

Total memory usage is 298096 kilobytes

Number of errors   :    0 (   0 filtered)
Number of warnings :   45 (   0 filtered)
Number of infos    :   12 (   0 filtered)

